[38;5;199mGDD-GAT/01 bootstrap[0m  Raspberry Pi 5 Model B Rev 1.1  Debian GNU/Linux 13 (trixie)  user=<user>

[38;5;199m== 1/7 packages[0m
Hit:1 http://deb.debian.org/debian trixie InRelease
Hit:2 http://deb.debian.org/debian trixie-updates InRelease
Hit:3 http://deb.debian.org/debian-security trixie-security InRelease
Hit:4 http://archive.raspberrypi.com/debian trixie InRelease
Reading package lists...
Reading package lists...
Building dependency tree...
Reading state information...
rsync is already the newest version (3.4.1+ds1-5+deb13u4).
git is already the newest version (1:2.47.3-0+deb13u1).
git set to manually installed.
The following additional packages will be installed:
  fonts-lyx isympy-common isympy3 libjs-jquery-ui libqhull-r8.0 libserialport0
  libsigrok4t64 libsigrokdecode4 libzip5 libzopfli1 python-matplotlib-data
  python3-brotli python3-contourpy python3-cycler python3-decorator
  python3-fonttools python3-fs python3-kiwisolver python3-lz4 python3-mpmath
  python3-pil.imagetk python3-pooch python3-pyparsing python3-scipy
  python3-sympy python3-ufolib2 python3-unicodedata2 python3-zopfli
  unicode-data
Suggested packages:
  libjs-jquery-ui-docs python-cycler-doc cm-super-minimal dvipng
  fonts-staypuft gir1.2-gtk-4.0 inkscape ipython3 python-matplotlib-doc
  python3-cairocffi python3-gi-cairo python3-gobject python3-sip
  python3-tornado texlive-extra-utils texlive-latex-extra python-mpmath-doc
  python3-gmpy2 python-pil-doc python3-paramiko python-pyparsing-doc
  python-scipy-doc texlive-fonts-extra python-sympy-doc
The following NEW packages will be installed:
  fonts-lyx isympy-common isympy3 libjs-jquery-ui libqhull-r8.0 libserialport0
  libsigrok4t64 libsigrokdecode4 libzip5 libzopfli1 python-matplotlib-data
  python3-brotli python3-contourpy python3-cycler python3-decorator
  python3-fonttools python3-fs python3-kiwisolver python3-lz4
  python3-matplotlib python3-mpmath python3-pil.imagetk python3-pooch
  python3-pyparsing python3-scipy python3-sympy python3-ufolib2
  python3-unicodedata2 python3-zopfli sigrok-cli unicode-data
0 upgraded, 31 newly installed, 0 to remove and 0 not upgraded.
Need to get 59.4 MB of archives.
After this operation, 230 MB of additional disk space will be used.
Get:1 http://deb.debian.org/debian trixie/main arm64 fonts-lyx all 2.4.3-1 [190 kB]
Get:2 http://deb.debian.org/debian trixie/main arm64 isympy-common all 1.13.3-5 [234 kB]
Get:3 http://deb.debian.org/debian trixie/main arm64 python3-mpmath all 1.3.0-1 [419 kB]
Get:4 http://deb.debian.org/debian trixie/main arm64 python3-sympy all 1.13.3-5 [4,148 kB]
Get:5 http://deb.debian.org/debian trixie/main arm64 isympy3 all 1.13.3-5 [6,748 B]
Get:6 http://deb.debian.org/debian trixie/main arm64 libjs-jquery-ui all 1.13.2+dfsg-1 [250 kB]
Get:7 http://deb.debian.org/debian trixie/main arm64 libqhull-r8.0 arm64 2020.2-6+b2 [229 kB]
Get:8 http://deb.debian.org/debian trixie/main arm64 libserialport0 arm64 0.1.2-1 [55.2 kB]
Get:9 http://deb.debian.org/debian trixie/main arm64 libzip5 arm64 1.11.3-2 [59.4 kB]
Get:10 http://deb.debian.org/debian trixie/main arm64 libsigrok4t64 arm64 0.5.2-5.1+b3 [795 kB]
Get:11 http://deb.debian.org/debian trixie/main arm64 libsigrokdecode4 arm64 0.5.3-4+b4 [362 kB]
Get:12 http://deb.debian.org/debian trixie/main arm64 libzopfli1 arm64 1.0.3-3 [95.2 kB]
Get:13 http://deb.debian.org/debian trixie/main arm64 python-matplotlib-data all 3.10.1+dfsg1-4 [2,737 kB]
Get:14 http://deb.debian.org/debian trixie/main arm64 python3-brotli arm64 1.1.0-2+b7 [300 kB]
Get:15 http://deb.debian.org/debian trixie/main arm64 python3-contourpy arm64 1.3.1-1+b1 [190 kB]
Get:16 http://deb.debian.org/debian trixie/main arm64 python3-cycler all 0.12.1-1 [9,496 B]
Get:17 http://deb.debian.org/debian trixie/main arm64 python3-decorator all 5.2.1-2 [33.0 kB]
Get:18 http://deb.debian.org/debian trixie/main arm64 python3-fs all 2.4.16-7 [95.2 kB]
Get:19 http://deb.debian.org/debian trixie/main arm64 python3-lz4 arm64 4.4.0+dfsg-2 [25.3 kB]
Get:20 http://deb.debian.org/debian trixie/main arm64 python3-scipy arm64 1.15.3-1 [14.9 MB]
Get:21 http://deb.debian.org/debian trixie/main arm64 python3-ufolib2 all 0.17.1+dfsg1-1 [33.0 kB]
Get:22 http://deb.debian.org/debian trixie/main arm64 python3-unicodedata2 arm64 15.1.0+ds-1+b5 [298 kB]
Get:23 http://deb.debian.org/debian trixie/main arm64 python3-zopfli arm64 0.2.3.post1-1 [10.2 kB]
Get:24 http://deb.debian.org/debian trixie/main arm64 unicode-data all 15.1.0-1 [8,547 kB]
Get:25 http://deb.debian.org/debian trixie/main arm64 python3-fonttools arm64 4.57.0-1+deb13u1 [1,366 kB]
Get:26 http://deb.debian.org/debian trixie/main arm64 python3-kiwisolver arm64 1.4.7-3+b1 [57.8 kB]
Get:27 http://deb.debian.org/debian trixie/main arm64 python3-pil.imagetk arm64 11.1.0-5+deb13u4 [81.6 kB]
Get:28 http://deb.debian.org/debian trixie/main arm64 python3-pyparsing all 3.1.2-1 [146 kB]
Get:29 http://deb.debian.org/debian trixie/main arm64 python3-matplotlib arm64 3.10.1+dfsg1-4 [23.7 MB]
Get:30 http://deb.debian.org/debian trixie/main arm64 python3-pooch all 1.8.2-1 [58.4 kB]
Get:31 http://deb.debian.org/debian trixie/main arm64 sigrok-cli arm64 0.7.2-1+b3 [86.2 kB]
Fetched 59.4 MB in 2s (32.6 MB/s)
Selecting previously unselected package fonts-lyx.
(Reading database ... 
(Reading database ... 5%
(Reading database ... 10%
(Reading database ... 15%
(Reading database ... 20%
(Reading database ... 25%
(Reading database ... 30%
(Reading database ... 35%
(Reading database ... 40%
(Reading database ... 45%
(Reading database ... 50%
(Reading database ... 55%
(Reading database ... 60%
(Reading database ... 65%
(Reading database ... 70%
(Reading database ... 75%
(Reading database ... 80%
(Reading database ... 85%
(Reading database ... 90%
(Reading database ... 95%
(Reading database ... 100%
(Reading database ... 121268 files and directories currently installed.)
Preparing to unpack .../00-fonts-lyx_2.4.3-1_all.deb ...
Unpacking fonts-lyx (2.4.3-1) ...
Selecting previously unselected package isympy-common.
Preparing to unpack .../01-isympy-common_1.13.3-5_all.deb ...
Unpacking isympy-common (1.13.3-5) ...
Selecting previously unselected package python3-mpmath.
Preparing to unpack .../02-python3-mpmath_1.3.0-1_all.deb ...
Unpacking python3-mpmath (1.3.0-1) ...
Selecting previously unselected package python3-sympy.
Preparing to unpack .../03-python3-sympy_1.13.3-5_all.deb ...
Unpacking python3-sympy (1.13.3-5) ...
Selecting previously unselected package isympy3.
Preparing to unpack .../04-isympy3_1.13.3-5_all.deb ...
Unpacking isympy3 (1.13.3-5) ...
Selecting previously unselected package libjs-jquery-ui.
Preparing to unpack .../05-libjs-jquery-ui_1.13.2+dfsg-1_all.deb ...
Unpacking libjs-jquery-ui (1.13.2+dfsg-1) ...
Selecting previously unselected package libqhull-r8.0:arm64.
Preparing to unpack .../06-libqhull-r8.0_2020.2-6+b2_arm64.deb ...
Unpacking libqhull-r8.0:arm64 (2020.2-6+b2) ...
Selecting previously unselected package libserialport0:arm64.
Preparing to unpack .../07-libserialport0_0.1.2-1_arm64.deb ...
Unpacking libserialport0:arm64 (0.1.2-1) ...
Selecting previously unselected package libzip5:arm64.
Preparing to unpack .../08-libzip5_1.11.3-2_arm64.deb ...
Unpacking libzip5:arm64 (1.11.3-2) ...
Selecting previously unselected package libsigrok4t64:arm64.
Preparing to unpack .../09-libsigrok4t64_0.5.2-5.1+b3_arm64.deb ...
Adding 'diversion of /lib/udev/rules.d/60-libsigrok.rules to /lib/udev/rules.d/60-libsigrok.rules.usr-is-merged by usr-is-merged'
Adding 'diversion of /lib/udev/rules.d/61-libsigrok-plugdev.rules to /lib/udev/rules.d/61-libsigrok-plugdev.rules.usr-is-merged by usr-is-merged'
Adding 'diversion of /lib/udev/rules.d/61-libsigrok-uaccess.rules to /lib/udev/rules.d/61-libsigrok-uaccess.rules.usr-is-merged by usr-is-merged'
Unpacking libsigrok4t64:arm64 (0.5.2-5.1+b3) ...
Selecting previously unselected package libsigrokdecode4:arm64.
Preparing to unpack .../10-libsigrokdecode4_0.5.3-4+b4_arm64.deb ...
Unpacking libsigrokdecode4:arm64 (0.5.3-4+b4) ...
Selecting previously unselected package libzopfli1.
Preparing to unpack .../11-libzopfli1_1.0.3-3_arm64.deb ...
Unpacking libzopfli1 (1.0.3-3) ...
Selecting previously unselected package python-matplotlib-data.
Preparing to unpack .../12-python-matplotlib-data_3.10.1+dfsg1-4_all.deb ...
Unpacking python-matplotlib-data (3.10.1+dfsg1-4) ...
Selecting previously unselected package python3-brotli.
Preparing to unpack .../13-python3-brotli_1.1.0-2+b7_arm64.deb ...
Unpacking python3-brotli (1.1.0-2+b7) ...
Selecting previously unselected package python3-contourpy.
Preparing to unpack .../14-python3-contourpy_1.3.1-1+b1_arm64.deb ...
Unpacking python3-contourpy (1.3.1-1+b1) ...
Selecting previously unselected package python3-cycler.
Preparing to unpack .../15-python3-cycler_0.12.1-1_all.deb ...
Unpacking python3-cycler (0.12.1-1) ...
Selecting previously unselected package python3-decorator.
Preparing to unpack .../16-python3-decorator_5.2.1-2_all.deb ...
Unpacking python3-decorator (5.2.1-2) ...
Selecting previously unselected package python3-fs.
Preparing to unpack .../17-python3-fs_2.4.16-7_all.deb ...
Unpacking python3-fs (2.4.16-7) ...
Selecting previously unselected package python3-lz4.
Preparing to unpack .../18-python3-lz4_4.4.0+dfsg-2_arm64.deb ...
Unpacking python3-lz4 (4.4.0+dfsg-2) ...
Selecting previously unselected package python3-scipy.
Preparing to unpack .../19-python3-scipy_1.15.3-1_arm64.deb ...
Unpacking python3-scipy (1.15.3-1) ...
Selecting previously unselected package python3-ufolib2.
Preparing to unpack .../20-python3-ufolib2_0.17.1+dfsg1-1_all.deb ...
Unpacking python3-ufolib2 (0.17.1+dfsg1-1) ...
Selecting previously unselected package python3-unicodedata2.
Preparing to unpack .../21-python3-unicodedata2_15.1.0+ds-1+b5_arm64.deb ...
Unpacking python3-unicodedata2 (15.1.0+ds-1+b5) ...
Selecting previously unselected package python3-zopfli.
Preparing to unpack .../22-python3-zopfli_0.2.3.post1-1_arm64.deb ...
Unpacking python3-zopfli (0.2.3.post1-1) ...
Selecting previously unselected package unicode-data.
Preparing to unpack .../23-unicode-data_15.1.0-1_all.deb ...
Unpacking unicode-data (15.1.0-1) ...
Selecting previously unselected package python3-fonttools.
Preparing to unpack .../24-python3-fonttools_4.57.0-1+deb13u1_arm64.deb ...
Unpacking python3-fonttools (4.57.0-1+deb13u1) ...
Selecting previously unselected package python3-kiwisolver.
Preparing to unpack .../25-python3-kiwisolver_1.4.7-3+b1_arm64.deb ...
Unpacking python3-kiwisolver (1.4.7-3+b1) ...
Selecting previously unselected package python3-pil.imagetk:arm64.
Preparing to unpack .../26-python3-pil.imagetk_11.1.0-5+deb13u4_arm64.deb ...
Unpacking python3-pil.imagetk:arm64 (11.1.0-5+deb13u4) ...
Selecting previously unselected package python3-pyparsing.
Preparing to unpack .../27-python3-pyparsing_3.1.2-1_all.deb ...
Unpacking python3-pyparsing (3.1.2-1) ...
Selecting previously unselected package python3-matplotlib.
Preparing to unpack .../28-python3-matplotlib_3.10.1+dfsg1-4_arm64.deb ...
Unpacking python3-matplotlib (3.10.1+dfsg1-4) ...
Selecting previously unselected package python3-pooch.
Preparing to unpack .../29-python3-pooch_1.8.2-1_all.deb ...
Unpacking python3-pooch (1.8.2-1) ...
Selecting previously unselected package sigrok-cli.
Preparing to unpack .../30-sigrok-cli_0.7.2-1+b3_arm64.deb ...
Unpacking sigrok-cli (0.7.2-1+b3) ...
Setting up libsigrokdecode4:arm64 (0.5.3-4+b4) ...
Setting up libzip5:arm64 (1.11.3-2) ...
Setting up python3-lz4 (4.4.0+dfsg-2) ...
Setting up python3-unicodedata2 (15.1.0+ds-1+b5) ...
Setting up fonts-lyx (2.4.3-1) ...
Setting up isympy-common (1.13.3-5) ...
Setting up libqhull-r8.0:arm64 (2020.2-6+b2) ...
Setting up python3-fs (2.4.16-7) ...
Setting up unicode-data (15.1.0-1) ...
Setting up python3-decorator (5.2.1-2) ...
Setting up libjs-jquery-ui (1.13.2+dfsg-1) ...
Setting up python3-pyparsing (3.1.2-1) ...
Setting up libzopfli1 (1.0.3-3) ...
Setting up python3-pil.imagetk:arm64 (11.1.0-5+deb13u4) ...
Setting up python3-pooch (1.8.2-1) ...
Setting up python3-brotli (1.1.0-2+b7) ...
Setting up python3-cycler (0.12.1-1) ...
Setting up python3-kiwisolver (1.4.7-3+b1) ...
Setting up python3-contourpy (1.3.1-1+b1) ...
Setting up python3-mpmath (1.3.0-1) ...
Setting up python-matplotlib-data (3.10.1+dfsg1-4) ...
Setting up libserialport0:arm64 (0.1.2-1) ...
Setting up python3-sympy (1.13.3-5) ...
Setting up python3-scipy (1.15.3-1) ...
Setting up python3-zopfli (0.2.3.post1-1) ...
Setting up isympy3 (1.13.3-5) ...
Setting up libsigrok4t64:arm64 (0.5.2-5.1+b3) ...
Setting up sigrok-cli (0.7.2-1+b3) ...
Setting up python3-fonttools (4.57.0-1+deb13u1) ...
Setting up python3-ufolib2 (0.17.1+dfsg1-1) ...
Setting up python3-matplotlib (3.10.1+dfsg1-4) ...
Processing triggers for desktop-file-utils (0.28-1) ...
Processing triggers for hicolor-icon-theme (0.18-2) ...
Processing triggers for libc-bin (2.41-12+rpt1+deb13u4) ...
Processing triggers for man-db (2.13.1-1) ...
Processing triggers for shared-mime-info (2.4-5+b2) ...
Processing triggers for mailcap (3.74) ...
Processing triggers for fontconfig (2.15.0-2.3) ...
   sigrok-cli 0.7.2
   driver uni-t-ut61e-ser present

[38;5;199m== 2/7 serial-port squatters[0m
   modemmanager not installed
   brltty not installed

[38;5;199m== 3/7 groups, I2C, SPI[0m
   <user> += dialout plugdev gpio i2c spi video
   I2C + SPI enabled
   hostname: gatbox (left as is)

[38;5;199m== 4/7 power: no-PD supply fix[0m
Updating bootloader EEPROM
 image: /usr/lib/firmware/raspberrypi/bootloader-2712/default/pieeprom-2026-05-26.bin
config_src: /tmp/tmp.8IH9FQ67rk
config: /tmp/tmp.8IH9FQ67rk
################################################################################
[all]
BOOT_UART=1
BOOT_ORDER=0xf461
NET_INSTALL_AT_POWER_ON=1
[all]
PSU_MAX_CURRENT=5000

################################################################################
*** CREATED UPDATE /tmp/tmpcicr9x5n/pieeprom.upd  ***

Checking flashrom probe
WARNING: SPI device /dev/spidev10.0 not found
Setting RPI_EEPROM_IMMEDIATE_UPDATE to 0

   CURRENT: Wed 21 Jan 13:38:47 UTC 2026 (1769002727)
    UPDATE: Tue 26 May 15:01:25 UTC 2026 (1779807685)
    BOOTFS: /boot/firmware
'/tmp/tmp.HOS32NDt8G' -> '/boot/firmware/pieeprom.upd'
Copying recovery.bin to /boot/firmware for EEPROM update

EEPROM updates pending. Please reboot to apply the update.
To cancel a pending update run "sudo rpi-eeprom-update -r".
   EEPROM PSU_MAX_CURRENT=5000 staged (takes effect on reboot)
   config.txt += usb_max_current_enable=1  (backup: /boot/firmware/config.txt.pre-gatbox)

[38;5;199m== 5/7 udev symlink + 6/7 logger, tools, launcher[0m
   installed: gatbox-raillog  gatbox-status  gatbox-rail-report  (in /usr/local/bin)
   menu: Accessories > GATBOX Rail Monitor
   adapter not plugged in yet (fine)
Created symlink '/etc/systemd/system/multi-user.target.wants/gatbox-raillog.service' → '/etc/systemd/system/gatbox-raillog.service'.
   gatbox-raillog enabled + started

[38;5;199m== 7/7 optional: fallback hotspot[0m
Created symlink '/etc/systemd/system/multi-user.target.wants/gatbox-ap-fallback.service' → '/etc/systemd/system/gatbox-ap-fallback.service'.
   hotspot 'GATBOX' armed: comes up ~60 s after boot only if no known Wi-Fi/Ethernet

[36mdone.[0m
   known Wi-Fi:  netplan-wlan0-<home-wifi>,gatbox-ap
   timezone:     <timezone>

   [33mREBOOT NOW:[0m  sudo reboot   (EEPROM/config.txt/hostname changes need it; new groups need a fresh login)

